// Jest Snapshot v1, https://goo.gl/fbAQLP

exports[`AddRat renders a snapshot properly 1`] = `
<form
  onSubmit={[Function]}
>
  <div
    className="field"
  >
    <input
      className="input is-large"
      name="color"
      placeholder="Enter a color"
      required={true}
      type="text"
    />
  </div>
  <div
    className="field"
  >
    <input
      className="input is-large"
      name="weight"
      placeholder="Enter an weight in grams"
      required={true}
      type="email"
    />
  </div>
  <input
    className="button is-primary is-large is-fullwidth"
    type="submit"
    value="Submit"
  />
</form>
`;
