// Jest Snapshot v1, https://goo.gl/fbAQLP

exports[`RatsList renders a snapshot properly 1`] = `
<div>
  <h4
    className="box title is-4"
  >
    white
  </h4>
  <h4
    className="box title is-4"
  >
    black
  </h4>
</div>
`;
